// Jest Snapshot v1, https://goo.gl/fbAQLP

exports[`NotFoundPage to match snapshot 1`] = `
<div>
  <main
    class="w-full h-screen flex flex-col items-center justify-center gap-4"
  >
    <h1
      class="text-9xl font-bold uppercase"
    >
      Next.js
    </h1>
    <p
      class="text-3xl"
    >
      TypeScript + Tailwind CSS + Material UI
    </p>
  </main>
</div>
`;
